// Jest Snapshot v1, https://goo.gl/fbAQLP

exports[`User state component renders correctly 1`] = `
<div>
  <div
    id="active"
  >
    <h3>
      User state
    </h3>
    <Alert
      closeLabel="Close alert"
      show={true}
      transition={[Function]}
      variant="info"
    >
      Value: 
      addingOperation
    </Alert>
    <Alert
      closeLabel="Close alert"
      show={true}
      transition={[Function]}
      variant="info"
    >
      Context url: 
      https://docs.readthedocs.io/en/stable/api/v2.html
    </Alert>
    <Alert
      closeLabel="Close alert"
      show={true}
      transition={[Function]}
      variant="info"
    >
      Context path: 
      ["https://docs.readthedocs.io/en/stable/api/v2.html","Retrieve a list"]
    </Alert>
    <Alert
      closeLabel="Close alert"
      show={true}
      transition={[Function]}
      variant="info"
    >
      Active user state: 
      {
  "actions": [
    {
      "type": "log"
    }
  ],
  "activities": {},
  "changed": true,
  "context": {
    "path": [
      "https://docs.readthedocs.io/en/stable/api/v2.html",
      "Retrieve a list"
    ],
    "url": "https://docs.readthedocs.io/en/stable/api/v2.html"
  },
  "event": {
    "path": [
      "https://docs.readthedocs.io/en/stable/api/v2.html",
      "Retrieve a list"
    ],
    "type": "NEXT"
  },
  "events": [],
  "history": {
    "actions": [
      {
        "type": "log"
      }
    ],
    "activities": {},
    "context": {
      "path": [
        "https://docs.readthedocs.io/en/stable/api/v2.html"
      ],
      "url": "https://docs.readthedocs.io/en/stable/api/v2.html"
    },
    "event": {
      "path": [
        "https://docs.readthedocs.io/en/stable/api/v2.html"
      ],
      "type": "NEXT"
    },
    "events": [],
    "historyValue": {
      "current": "addingPath",
      "states": {}
    },
    "meta": {},
    "value": "addingPath"
  },
  "historyValue": {
    "current": "addingOperation",
    "states": {}
  },
  "meta": {},
  "value": "addingOperation"
}
    </Alert>
  </div>
</div>
`;
